******************************************************************************
                  MSP430 Linker PC v4.4.2                      
******************************************************************************
>> Linked Thu Jan 22 14:53:04 2015

OUTPUT FILE NAME:   <MSP430G2302Disceep.out>
ENTRY POINT SYMBOL: "_c_int00_noargs_noexit"  address: 0000f27e


MEMORY CONFIGURATION

         name            origin    length      used     unused   attr    fill
----------------------  --------  ---------  --------  --------  ----  --------
  SFR                   00000000   00000010  00000000  00000010  RWIX
  PERIPHERALS_8BIT      00000010   000000f0  00000000  000000f0  RWIX
  PERIPHERALS_16BIT     00000100   00000100  00000000  00000100  RWIX
  RAM                   00000200   00000100  00000068  00000098  RWIX
  INFOD                 00001000   00000040  00000000  00000040  RWIX
  INFOC                 00001040   00000040  00000000  00000040  RWIX
  INFOB                 00001080   00000040  00000000  00000040  RWIX
  INFOA                 000010c0   00000040  00000000  00000040  RWIX
  FLASH                 0000f000   00000fe0  0000034a  00000c96  RWIX
  INT00                 0000ffe0   00000002  00000000  00000002  RWIX
  INT01                 0000ffe2   00000002  00000000  00000002  RWIX
  INT02                 0000ffe4   00000002  00000002  00000000  RWIX
  INT03                 0000ffe6   00000002  00000002  00000000  RWIX
  INT04                 0000ffe8   00000002  00000002  00000000  RWIX
  INT05                 0000ffea   00000002  00000000  00000002  RWIX
  INT06                 0000ffec   00000002  00000000  00000002  RWIX
  INT07                 0000ffee   00000002  00000000  00000002  RWIX
  INT08                 0000fff0   00000002  00000002  00000000  RWIX
  INT09                 0000fff2   00000002  00000002  00000000  RWIX
  INT10                 0000fff4   00000002  00000002  00000000  RWIX
  INT11                 0000fff6   00000002  00000000  00000002  RWIX
  INT12                 0000fff8   00000002  00000000  00000002  RWIX
  INT13                 0000fffa   00000002  00000000  00000002  RWIX
  INT14                 0000fffc   00000002  00000002  00000000  RWIX
  RESET                 0000fffe   00000002  00000002  00000000  RWIX


SECTION ALLOCATION MAP

 output                                  attributes/
section   page    origin      length       input sections
--------  ----  ----------  ----------   ----------------
.data      0    00000200    00000014     UNINITIALIZED
                  00000200    0000000c     mainLED.obj (.data)
                  0000020c    00000008     mainLED.obj (.data:LEDPin)

.bss       0    00000214    00000004     UNINITIALIZED
                  00000214    00000002     (.common:DelayCount)
                  00000216    00000002     (.common:DiscFlashes)

.stack     0    000002b0    00000050     UNINITIALIZED
                  000002b0    00000002     rts430_eabi.lib : boot.obj (.stack)
                  000002b2    0000004e     --HOLE--

.text      0    0000f000    00000320     
                  0000f000    000000c8     mainLED.obj (.text:main)
                  0000f0c8    00000066     mainLED.obj (.text:Beep)
                  0000f12e    00000064     rts430_eabi.lib : copy_decompress_rle.obj (.text:__TI_decompress_rle_core)
                  0000f192    00000058                     : autoinit.obj (.text:_auto_init)
                  0000f1ea    0000002e     mainLED.obj (.text:PiezoInput)
                  0000f218    0000002c     rts430_eabi.lib : div16s.obj (.text)
                  0000f244    00000020     mainLED.obj (.text:Port_1)
                  0000f264    0000001a     mainLED.obj (.text:PiezoOutput)
                  0000f27e    0000001a     rts430_eabi.lib : boot_special.obj (.text:_c_int00_noargs_noexit)
                  0000f298    00000016                     : div16u.obj (.text)
                  0000f2ae    00000016     mainLED.obj (.text:watchdog_timer)
                  0000f2c4    00000014     rts430_eabi.lib : copy_zero_init.obj (.text:decompress:ZI:__TI_zero_init)
                  0000f2d8    00000012                     : copy_decompress_none.obj (.text:decompress:none:__TI_decompress_none)
                  0000f2ea    00000012                     : memcpy.obj (.text:memcpy)
                  0000f2fc    00000010                     : epilog.obj (.text)
                  0000f30c    00000006                     : isr_trap.obj (.text:_isr:__TI_ISR_TRAP)
                  0000f312    00000006                     : copy_decompress_rle.obj (.text:decompress:rle24:__TI_decompress_rle24)
                  0000f318    00000004                     : pre_init.obj (.text:_system_pre_init)
                  0000f31c    00000004                     : exit.obj (.text:abort)

.cinit     0    0000f320    0000002a     
                  0000f320    00000017     (.cinit..data.load) [load image, compression = rle]
                  0000f337    00000001     --HOLE-- [fill = 0]
                  0000f338    00000006     (__TI_handler_table)
                  0000f33e    00000004     (.cinit..bss.load) [load image, compression = zero_init]
                  0000f342    00000008     (__TI_cinit_table)

.init_array 
*          0    0000f000    00000000     UNINITIALIZED

.TI.persistent 
*          0    00000200    00000000     UNINITIALIZED

.TI.noinit 
*          0    00000214    00000000     UNINITIALIZED

PORT1      0    0000ffe4    00000002     
                  0000ffe4    00000002     mainLED.obj (.int02)

PORT2      0    0000ffe6    00000002     
                  0000ffe6    00000002     rts430_eabi.lib : int03.obj (.int03)

USI        0    0000ffe8    00000002     
                  0000ffe8    00000002     rts430_eabi.lib : int04.obj (.int04)

TIMER0_A1 
*          0    0000fff0    00000002     
                  0000fff0    00000002     rts430_eabi.lib : int08.obj (.int08)

TIMER0_A0 
*          0    0000fff2    00000002     
                  0000fff2    00000002     rts430_eabi.lib : int09.obj (.int09)

WDT        0    0000fff4    00000002     
                  0000fff4    00000002     mainLED.obj (.int10)

NMI        0    0000fffc    00000002     
                  0000fffc    00000002     rts430_eabi.lib : int14.obj (.int14)

.reset     0    0000fffe    00000002     
                  0000fffe    00000002     rts430_eabi.lib : boot.obj (.reset)


LINKER GENERATED COPY TABLES

__TI_cinit_table @ 0000f342 records: 2, size/record: 4, table size: 8
	.data: load addr=0000f320, load size=00000017 bytes, run addr=00000200, run size=00000014 bytes, compression=rle
	.bss: load addr=0000f33e, load size=00000004 bytes, run addr=00000214, run size=00000004 bytes, compression=zero_init


LINKER GENERATED HANDLER TABLE

__TI_handler_table @ 0000f338 records: 3, size/record: 2, table size: 6
	index: 0, handler: __TI_zero_init
	index: 1, handler: __TI_decompress_rle24
	index: 2, handler: __TI_decompress_none


GLOBAL SYMBOLS: SORTED ALPHABETICALLY BY Name 

address   name                    
-------   ----                    
00000057  BCSCTL1                 
00000058  BCSCTL2                 
00000053  BCSCTL3                 
0000f0c8  Beep                    
0000f31c  C$$EXIT                 
000010fb  CALBC1_12MHZ            
000010f9  CALBC1_16MHZ            
000010ff  CALBC1_1MHZ             
000010fd  CALBC1_8MHZ             
000010fa  CALDCO_12MHZ            
000010f8  CALDCO_16MHZ            
000010fe  CALDCO_1MHZ             
000010fc  CALDCO_8MHZ             
00000056  DCOCTL                  
00000214  DelayCount              
00000216  DiscFlashes             
00000200  DiscStatus              
00000128  FCTL1                   
0000012a  FCTL2                   
0000012c  FCTL3                   
00000000  IE1                     
00000002  IFG1                    
0000020c  LEDPin                  
0000020a  OffCounts               
00000208  OnCounts                
00000022  P1DIR                   
00000025  P1IE                    
00000024  P1IES                   
00000023  P1IFG                   
00000020  P1IN                    
00000021  P1OUT                   
00000027  P1REN                   
00000026  P1SEL                   
00000041  P1SEL2                  
0000002a  P2DIR                   
0000002d  P2IE                    
0000002c  P2IES                   
0000002b  P2IFG                   
00000028  P2IN                    
00000029  P2OUT                   
0000002f  P2REN                   
0000002e  P2SEL                   
00000042  P2SEL2                  
0000f1ea  PiezoInput              
0000f264  PiezoOutput             
0000f244  Port_1                  
00000206  Sound                   
00000172  TA0CCR0                 
00000174  TA0CCR1                 
00000176  TA0CCR2                 
00000162  TA0CCTL0                
00000164  TA0CCTL1                
00000166  TA0CCTL2                
00000160  TA0CTL                  
0000012e  TA0IV                   
00000170  TA0R                    
00000202  Test                    
0000007a  USICCTL                 
0000007a  USICKCTL                
0000007b  USICNT                  
00000078  USICTL                  
00000078  USICTL0                 
00000079  USICTL1                 
0000007c  USISR                   
0000007d  USISRH                  
0000007c  USISRL                  
00000120  WDTCTL                  
00000204  WatchdogIntervalCnt     
00000300  __STACK_END             
00000050  __STACK_SIZE            
0000f342  __TI_CINIT_Base         
0000f34a  __TI_CINIT_Limit        
0000f338  __TI_Handler_Table_Base 
0000f33e  __TI_Handler_Table_Limit
UNDEFED   __TI_INITARRAY_Base     
UNDEFED   __TI_INITARRAY_Limit    
0000f30c  __TI_ISR_TRAP           
0000f2d8  __TI_decompress_none    
0000f312  __TI_decompress_rle24   
0000ffe4  __TI_int02              
0000ffe6  __TI_int03              
0000ffe8  __TI_int04              
0000fff0  __TI_int08              
0000fff2  __TI_int09              
0000fff4  __TI_int10              
0000fffc  __TI_int14              
0000f2c4  __TI_zero_init          
ffffffff  __binit__               
ffffffff  __c_args__              
0000f218  __mspabi_divi           
0000f298  __mspabi_divu           
0000f308  __mspabi_func_epilog_1  
0000f306  __mspabi_func_epilog_2  
0000f304  __mspabi_func_epilog_3  
0000f302  __mspabi_func_epilog_4  
0000f300  __mspabi_func_epilog_5  
0000f2fe  __mspabi_func_epilog_6  
0000f2fc  __mspabi_func_epilog_7  
0000f218  __mspabi_remi           
0000f298  __mspabi_remu           
0000f192  _auto_init              
0000f27e  _c_int00_noargs_noexit  
0000fffe  _reset_vector           
000002b0  _stack                  
0000f318  _system_pre_init        
0000f31c  abort                   
ffffffff  binit                   
0000f000  main                    
0000f2ea  memcpy                  
0000f2ae  watchdog_timer          


GLOBAL SYMBOLS: SORTED BY Symbol Address 

address   name                    
-------   ----                    
00000000  IE1                     
00000002  IFG1                    
00000020  P1IN                    
00000021  P1OUT                   
00000022  P1DIR                   
00000023  P1IFG                   
00000024  P1IES                   
00000025  P1IE                    
00000026  P1SEL                   
00000027  P1REN                   
00000028  P2IN                    
00000029  P2OUT                   
0000002a  P2DIR                   
0000002b  P2IFG                   
0000002c  P2IES                   
0000002d  P2IE                    
0000002e  P2SEL                   
0000002f  P2REN                   
00000041  P1SEL2                  
00000042  P2SEL2                  
00000050  __STACK_SIZE            
00000053  BCSCTL3                 
00000056  DCOCTL                  
00000057  BCSCTL1                 
00000058  BCSCTL2                 
00000078  USICTL                  
00000078  USICTL0                 
00000079  USICTL1                 
0000007a  USICCTL                 
0000007a  USICKCTL                
0000007b  USICNT                  
0000007c  USISR                   
0000007c  USISRL                  
0000007d  USISRH                  
00000120  WDTCTL                  
00000128  FCTL1                   
0000012a  FCTL2                   
0000012c  FCTL3                   
0000012e  TA0IV                   
00000160  TA0CTL                  
00000162  TA0CCTL0                
00000164  TA0CCTL1                
00000166  TA0CCTL2                
00000170  TA0R                    
00000172  TA0CCR0                 
00000174  TA0CCR1                 
00000176  TA0CCR2                 
00000200  DiscStatus              
00000202  Test                    
00000204  WatchdogIntervalCnt     
00000206  Sound                   
00000208  OnCounts                
0000020a  OffCounts               
0000020c  LEDPin                  
00000214  DelayCount              
00000216  DiscFlashes             
000002b0  _stack                  
00000300  __STACK_END             
000010f8  CALDCO_16MHZ            
000010f9  CALBC1_16MHZ            
000010fa  CALDCO_12MHZ            
000010fb  CALBC1_12MHZ            
000010fc  CALDCO_8MHZ             
000010fd  CALBC1_8MHZ             
000010fe  CALDCO_1MHZ             
000010ff  CALBC1_1MHZ             
0000f000  main                    
0000f0c8  Beep                    
0000f192  _auto_init              
0000f1ea  PiezoInput              
0000f218  __mspabi_divi           
0000f218  __mspabi_remi           
0000f244  Port_1                  
0000f264  PiezoOutput             
0000f27e  _c_int00_noargs_noexit  
0000f298  __mspabi_divu           
0000f298  __mspabi_remu           
0000f2ae  watchdog_timer          
0000f2c4  __TI_zero_init          
0000f2d8  __TI_decompress_none    
0000f2ea  memcpy                  
0000f2fc  __mspabi_func_epilog_7  
0000f2fe  __mspabi_func_epilog_6  
0000f300  __mspabi_func_epilog_5  
0000f302  __mspabi_func_epilog_4  
0000f304  __mspabi_func_epilog_3  
0000f306  __mspabi_func_epilog_2  
0000f308  __mspabi_func_epilog_1  
0000f30c  __TI_ISR_TRAP           
0000f312  __TI_decompress_rle24   
0000f318  _system_pre_init        
0000f31c  C$$EXIT                 
0000f31c  abort                   
0000f338  __TI_Handler_Table_Base 
0000f33e  __TI_Handler_Table_Limit
0000f342  __TI_CINIT_Base         
0000f34a  __TI_CINIT_Limit        
0000ffe4  __TI_int02              
0000ffe6  __TI_int03              
0000ffe8  __TI_int04              
0000fff0  __TI_int08              
0000fff2  __TI_int09              
0000fff4  __TI_int10              
0000fffc  __TI_int14              
0000fffe  _reset_vector           
ffffffff  __binit__               
ffffffff  __c_args__              
ffffffff  binit                   
UNDEFED   __TI_INITARRAY_Base     
UNDEFED   __TI_INITARRAY_Limit    

[110 symbols]
