<?xml version="1.0"?>
<link_info>
   <banner>MSP430 Linker PC v4.2.3</banner>
   <copyright>Copyright (c) 2003-2013 Texas Instruments Incorporated</copyright>
   <link_time>0x542c7a40</link_time>
   <link_errors>0x0</link_errors>
   <output_file>MSP430G2302Diskeep.out</output_file>
   <entry_point>
      <name>_c_int00</name>
      <address>0xf1dc</address>
   </entry_point>
   <input_file_list>
      <input_file id="fl-2">
         <path>.\</path>
         <kind>object</kind>
         <file>main.obj</file>
         <name>main.obj</name>
      </input_file>
      <input_file id="fl-30">
         <path>C:\ti\ccsv5\tools\compiler\msp430_4.2.3\lib\</path>
         <kind>archive</kind>
         <file>rts430_eabi.lib</file>
         <name>boot.obj</name>
      </input_file>
      <input_file id="fl-31">
         <path>C:\ti\ccsv5\tools\compiler\msp430_4.2.3\lib\</path>
         <kind>archive</kind>
         <file>rts430_eabi.lib</file>
         <name>copy_decompress_none.obj</name>
      </input_file>
      <input_file id="fl-32">
         <path>C:\ti\ccsv5\tools\compiler\msp430_4.2.3\lib\</path>
         <kind>archive</kind>
         <file>rts430_eabi.lib</file>
         <name>copy_decompress_rle.obj</name>
      </input_file>
      <input_file id="fl-33">
         <path>C:\ti\ccsv5\tools\compiler\msp430_4.2.3\lib\</path>
         <kind>archive</kind>
         <file>rts430_eabi.lib</file>
         <name>copy_zero_init.obj</name>
      </input_file>
      <input_file id="fl-34">
         <path>C:\ti\ccsv5\tools\compiler\msp430_4.2.3\lib\</path>
         <kind>archive</kind>
         <file>rts430_eabi.lib</file>
         <name>epilog.obj</name>
      </input_file>
      <input_file id="fl-35">
         <path>C:\ti\ccsv5\tools\compiler\msp430_4.2.3\lib\</path>
         <kind>archive</kind>
         <file>rts430_eabi.lib</file>
         <name>exit.obj</name>
      </input_file>
      <input_file id="fl-36">
         <path>C:\ti\ccsv5\tools\compiler\msp430_4.2.3\lib\</path>
         <kind>archive</kind>
         <file>rts430_eabi.lib</file>
         <name>int03.obj</name>
      </input_file>
      <input_file id="fl-37">
         <path>C:\ti\ccsv5\tools\compiler\msp430_4.2.3\lib\</path>
         <kind>archive</kind>
         <file>rts430_eabi.lib</file>
         <name>int04.obj</name>
      </input_file>
      <input_file id="fl-38">
         <path>C:\ti\ccsv5\tools\compiler\msp430_4.2.3\lib\</path>
         <kind>archive</kind>
         <file>rts430_eabi.lib</file>
         <name>int08.obj</name>
      </input_file>
      <input_file id="fl-39">
         <path>C:\ti\ccsv5\tools\compiler\msp430_4.2.3\lib\</path>
         <kind>archive</kind>
         <file>rts430_eabi.lib</file>
         <name>int09.obj</name>
      </input_file>
      <input_file id="fl-3a">
         <path>C:\ti\ccsv5\tools\compiler\msp430_4.2.3\lib\</path>
         <kind>archive</kind>
         <file>rts430_eabi.lib</file>
         <name>int14.obj</name>
      </input_file>
      <input_file id="fl-3b">
         <path>C:\ti\ccsv5\tools\compiler\msp430_4.2.3\lib\</path>
         <kind>archive</kind>
         <file>rts430_eabi.lib</file>
         <name>isr_trap.obj</name>
      </input_file>
      <input_file id="fl-3c">
         <path>C:\ti\ccsv5\tools\compiler\msp430_4.2.3\lib\</path>
         <kind>archive</kind>
         <file>rts430_eabi.lib</file>
         <name>memcpy.obj</name>
      </input_file>
      <input_file id="fl-3d">
         <path>C:\ti\ccsv5\tools\compiler\msp430_4.2.3\lib\</path>
         <kind>archive</kind>
         <file>rts430_eabi.lib</file>
         <name>pre_init.obj</name>
      </input_file>
      <input_file id="fl-3e">
         <path>C:\ti\ccsv5\tools\compiler\msp430_4.2.3\lib\</path>
         <kind>archive</kind>
         <file>rts430_eabi.lib</file>
         <name>_lock.obj</name>
      </input_file>
      <input_file id="fl-3f">
         <path>C:\ti\ccsv5\tools\compiler\msp430_4.2.3\lib\</path>
         <kind>archive</kind>
         <file>rts430_eabi.lib</file>
         <name>args_main.obj</name>
      </input_file>
      <input_file id="fl-40">
         <path>C:\ti\ccsv5\tools\compiler\msp430_4.2.3\lib\</path>
         <kind>archive</kind>
         <file>rts430_eabi.lib</file>
         <name>autoinit.obj</name>
      </input_file>
   </input_file_list>
   <object_component_list>
      <object_component id="oc-44">
         <name>.stack</name>
         <uninitialized>true</uninitialized>
         <run_address>0x2b0</run_address>
         <size>0x2</size>
         <input_file_ref idref="fl-30"/>
      </object_component>
      <object_component id="oc-107">
         <name>.stack</name>
         <uninitialized>true</uninitialized>
         <run_address>0x2b0</run_address>
         <size>0x0</size>
      </object_component>
      <object_component id="oc-5f">
         <name>.text:main</name>
         <load_address>0xf000</load_address>
         <run_address>0xf000</run_address>
         <size>0x62</size>
         <input_file_ref idref="fl-2"/>
      </object_component>
      <object_component id="oc-7d">
         <name>.text:__TI_decompress_rle_core</name>
         <load_address>0xf062</load_address>
         <run_address>0xf062</run_address>
         <size>0x5e</size>
         <input_file_ref idref="fl-32"/>
      </object_component>
      <object_component id="oc-5a">
         <name>.text:_auto_init</name>
         <load_address>0xf0c0</load_address>
         <run_address>0xf0c0</run_address>
         <size>0x5e</size>
         <input_file_ref idref="fl-40"/>
      </object_component>
      <object_component id="oc-a1">
         <name>.text:Beep</name>
         <load_address>0xf11e</load_address>
         <run_address>0xf11e</run_address>
         <size>0x56</size>
         <input_file_ref idref="fl-2"/>
      </object_component>
      <object_component id="oc-9c">
         <name>.text:PiezoInput</name>
         <load_address>0xf174</load_address>
         <run_address>0xf174</run_address>
         <size>0x2e</size>
         <input_file_ref idref="fl-2"/>
      </object_component>
      <object_component id="oc-47">
         <name>.text:Port_1</name>
         <load_address>0xf1a2</load_address>
         <run_address>0xf1a2</run_address>
         <size>0x20</size>
         <input_file_ref idref="fl-2"/>
      </object_component>
      <object_component id="oc-c6">
         <name>.text:PiezoOutput</name>
         <load_address>0xf1c2</load_address>
         <run_address>0xf1c2</run_address>
         <size>0x1a</size>
         <input_file_ref idref="fl-2"/>
      </object_component>
      <object_component id="oc-30">
         <name>.text:_c_int00_noexit</name>
         <load_address>0xf1dc</load_address>
         <run_address>0xf1dc</run_address>
         <size>0x1a</size>
         <input_file_ref idref="fl-30"/>
      </object_component>
      <object_component id="oc-50">
         <name>.text:watchdog_timer</name>
         <load_address>0xf1f6</load_address>
         <run_address>0xf1f6</run_address>
         <size>0x16</size>
         <input_file_ref idref="fl-2"/>
      </object_component>
      <object_component id="oc-35">
         <name>.text:decompress:none:__TI_decompress_none</name>
         <load_address>0xf20c</load_address>
         <run_address>0xf20c</run_address>
         <size>0x12</size>
         <input_file_ref idref="fl-31"/>
      </object_component>
      <object_component id="oc-6a">
         <name>.text:memcpy</name>
         <load_address>0xf21e</load_address>
         <run_address>0xf21e</run_address>
         <size>0x12</size>
         <input_file_ref idref="fl-3c"/>
      </object_component>
      <object_component id="oc-96">
         <name>.text</name>
         <load_address>0xf230</load_address>
         <run_address>0xf230</run_address>
         <size>0x10</size>
         <input_file_ref idref="fl-34"/>
      </object_component>
      <object_component id="oc-4c">
         <name>.text:__TI_ISR_TRAP</name>
         <load_address>0xf240</load_address>
         <run_address>0xf240</run_address>
         <size>0x6</size>
         <input_file_ref idref="fl-3b"/>
      </object_component>
      <object_component id="oc-3f">
         <name>.text:decompress:rle24:__TI_decompress_rle24</name>
         <load_address>0xf246</load_address>
         <run_address>0xf246</run_address>
         <size>0x6</size>
         <input_file_ref idref="fl-32"/>
      </object_component>
      <object_component id="oc-55">
         <name>.text:_system_pre_init</name>
         <load_address>0xf24c</load_address>
         <run_address>0xf24c</run_address>
         <size>0x4</size>
         <input_file_ref idref="fl-3d"/>
      </object_component>
      <object_component id="oc-64">
         <name>.text:abort</name>
         <load_address>0xf250</load_address>
         <run_address>0xf250</run_address>
         <size>0x4</size>
         <input_file_ref idref="fl-35"/>
      </object_component>
      <object_component id="oc-106">
         <name>.cinit..data.load</name>
         <load_address>0xf254</load_address>
         <run_address>0xf254</run_address>
         <size>0xb</size>
      </object_component>
      <object_component id="oc-104">
         <name>__TI_handler_table</name>
         <load_address>0xf260</load_address>
         <run_address>0xf260</run_address>
         <size>0x4</size>
      </object_component>
      <object_component id="oc-105">
         <name>__TI_cinit_table</name>
         <load_address>0xf264</load_address>
         <run_address>0xf264</run_address>
         <size>0x4</size>
      </object_component>
      <object_component id="oc-29">
         <name>.int02</name>
         <load_address>0xffe4</load_address>
         <run_address>0xffe4</run_address>
         <size>0x2</size>
         <input_file_ref idref="fl-2"/>
      </object_component>
      <object_component id="oc-2a">
         <name>.int03</name>
         <load_address>0xffe6</load_address>
         <run_address>0xffe6</run_address>
         <size>0x2</size>
         <input_file_ref idref="fl-36"/>
      </object_component>
      <object_component id="oc-2b">
         <name>.int04</name>
         <load_address>0xffe8</load_address>
         <run_address>0xffe8</run_address>
         <size>0x2</size>
         <input_file_ref idref="fl-37"/>
      </object_component>
      <object_component id="oc-2c">
         <name>.int08</name>
         <load_address>0xfff0</load_address>
         <run_address>0xfff0</run_address>
         <size>0x2</size>
         <input_file_ref idref="fl-38"/>
      </object_component>
      <object_component id="oc-2d">
         <name>.int09</name>
         <load_address>0xfff2</load_address>
         <run_address>0xfff2</run_address>
         <size>0x2</size>
         <input_file_ref idref="fl-39"/>
      </object_component>
      <object_component id="oc-2e">
         <name>.int10</name>
         <load_address>0xfff4</load_address>
         <run_address>0xfff4</run_address>
         <size>0x2</size>
         <input_file_ref idref="fl-2"/>
      </object_component>
      <object_component id="oc-2f">
         <name>.int14</name>
         <load_address>0xfffc</load_address>
         <run_address>0xfffc</run_address>
         <size>0x2</size>
         <input_file_ref idref="fl-3a"/>
      </object_component>
      <object_component id="oc-46">
         <name>.reset</name>
         <load_address>0xfffe</load_address>
         <run_address>0xfffe</run_address>
         <size>0x2</size>
         <input_file_ref idref="fl-30"/>
      </object_component>
      <object_component id="oc-90">
         <name>.data</name>
         <load_address>0x200</load_address>
         <run_address>0x200</run_address>
         <size>0x8</size>
         <input_file_ref idref="fl-2"/>
      </object_component>
      <object_component id="oc-31">
         <name>.debug_info</name>
         <load_address>0x0</load_address>
         <run_address>0x0</run_address>
         <size>0x125</size>
         <input_file_ref idref="fl-30"/>
      </object_component>
      <object_component id="oc-36">
         <name>.debug_info</name>
         <load_address>0x125</load_address>
         <run_address>0x125</run_address>
         <size>0x194</size>
         <input_file_ref idref="fl-31"/>
      </object_component>
      <object_component id="oc-40">
         <name>.debug_info</name>
         <load_address>0x2b9</load_address>
         <run_address>0x2b9</run_address>
         <size>0x18e</size>
         <input_file_ref idref="fl-32"/>
      </object_component>
      <object_component id="oc-45">
         <name>.debug_info</name>
         <load_address>0x447</load_address>
         <run_address>0x447</run_address>
         <size>0xaa</size>
         <input_file_ref idref="fl-30"/>
      </object_component>
      <object_component id="oc-48">
         <name>.debug_info</name>
         <load_address>0x4f1</load_address>
         <run_address>0x4f1</run_address>
         <size>0xf9</size>
         <input_file_ref idref="fl-2"/>
      </object_component>
      <object_component id="oc-4d">
         <name>.debug_info</name>
         <load_address>0x5ea</load_address>
         <run_address>0x5ea</run_address>
         <size>0xc2</size>
         <input_file_ref idref="fl-3b"/>
      </object_component>
      <object_component id="oc-51">
         <name>.debug_info</name>
         <load_address>0x6ac</load_address>
         <run_address>0x6ac</run_address>
         <size>0x109</size>
         <input_file_ref idref="fl-2"/>
      </object_component>
      <object_component id="oc-56">
         <name>.debug_info</name>
         <load_address>0x7b5</load_address>
         <run_address>0x7b5</run_address>
         <size>0xfd</size>
         <input_file_ref idref="fl-3d"/>
      </object_component>
      <object_component id="oc-5b">
         <name>.debug_info</name>
         <load_address>0x8b2</load_address>
         <run_address>0x8b2</run_address>
         <size>0x14d</size>
         <input_file_ref idref="fl-40"/>
      </object_component>
      <object_component id="oc-60">
         <name>.debug_info</name>
         <load_address>0x9ff</load_address>
         <run_address>0x9ff</run_address>
         <size>0x14b</size>
         <input_file_ref idref="fl-2"/>
      </object_component>
      <object_component id="oc-66">
         <name>.debug_info</name>
         <load_address>0xb4a</load_address>
         <run_address>0xb4a</run_address>
         <size>0xcc</size>
         <input_file_ref idref="fl-35"/>
      </object_component>
      <object_component id="oc-6b">
         <name>.debug_info</name>
         <load_address>0xc16</load_address>
         <run_address>0xc16</run_address>
         <size>0x157</size>
         <input_file_ref idref="fl-3c"/>
      </object_component>
      <object_component id="oc-70">
         <name>.debug_info</name>
         <load_address>0xd6d</load_address>
         <run_address>0xd6d</run_address>
         <size>0x46</size>
         <input_file_ref idref="fl-31"/>
      </object_component>
      <object_component id="oc-75">
         <name>.debug_info</name>
         <load_address>0xdb3</load_address>
         <run_address>0xdb3</run_address>
         <size>0x164</size>
         <input_file_ref idref="fl-31"/>
      </object_component>
      <object_component id="oc-7e">
         <name>.debug_info</name>
         <load_address>0xf17</load_address>
         <run_address>0xf17</run_address>
         <size>0x1e9</size>
         <input_file_ref idref="fl-32"/>
      </object_component>
      <object_component id="oc-83">
         <name>.debug_info</name>
         <load_address>0x1100</load_address>
         <run_address>0x1100</run_address>
         <size>0x129</size>
         <input_file_ref idref="fl-32"/>
      </object_component>
      <object_component id="oc-84">
         <name>.debug_info</name>
         <load_address>0x1229</load_address>
         <run_address>0x1229</run_address>
         <size>0x39</size>
         <input_file_ref idref="fl-32"/>
      </object_component>
      <object_component id="oc-8b">
         <name>.debug_info</name>
         <load_address>0x1262</load_address>
         <run_address>0x1262</run_address>
         <size>0x84</size>
         <input_file_ref idref="fl-2"/>
      </object_component>
      <object_component id="oc-91">
         <name>.debug_info</name>
         <load_address>0x12e6</load_address>
         <run_address>0x12e6</run_address>
         <size>0x141</size>
         <input_file_ref idref="fl-2"/>
      </object_component>
      <object_component id="oc-97">
         <name>.debug_info</name>
         <load_address>0x1427</load_address>
         <run_address>0x1427</run_address>
         <size>0xe1</size>
         <input_file_ref idref="fl-34"/>
      </object_component>
      <object_component id="oc-9b">
         <name>.debug_info</name>
         <load_address>0x1508</load_address>
         <run_address>0x1508</run_address>
         <size>0x2ba</size>
         <input_file_ref idref="fl-40"/>
      </object_component>
      <object_component id="oc-9d">
         <name>.debug_info</name>
         <load_address>0x17c2</load_address>
         <run_address>0x17c2</run_address>
         <size>0x100</size>
         <input_file_ref idref="fl-2"/>
      </object_component>
      <object_component id="oc-a2">
         <name>.debug_info</name>
         <load_address>0x18c2</load_address>
         <run_address>0x18c2</run_address>
         <size>0x106</size>
         <input_file_ref idref="fl-2"/>
      </object_component>
      <object_component id="oc-a9">
         <name>.debug_info</name>
         <load_address>0x19c8</load_address>
         <run_address>0x19c8</run_address>
         <size>0x127</size>
         <input_file_ref idref="fl-3c"/>
      </object_component>
      <object_component id="oc-aa">
         <name>.debug_info</name>
         <load_address>0x1aef</load_address>
         <run_address>0x1aef</run_address>
         <size>0x2c</size>
         <input_file_ref idref="fl-33"/>
      </object_component>
      <object_component id="oc-af">
         <name>.debug_info</name>
         <load_address>0x1b1b</load_address>
         <run_address>0x1b1b</run_address>
         <size>0x2c</size>
         <input_file_ref idref="fl-31"/>
      </object_component>
      <object_component id="oc-c0">
         <name>.debug_info</name>
         <load_address>0x1b47</load_address>
         <run_address>0x1b47</run_address>
         <size>0x39</size>
         <input_file_ref idref="fl-40"/>
      </object_component>
      <object_component id="oc-c7">
         <name>.debug_info</name>
         <load_address>0x1b80</load_address>
         <run_address>0x1b80</run_address>
         <size>0x102</size>
         <input_file_ref idref="fl-2"/>
      </object_component>
      <object_component id="oc-108">
         <name>.debug_info</name>
         <load_address>0x1c82</load_address>
         <run_address>0x1c82</run_address>
         <size>0xa8</size>
      </object_component>
      <object_component id="oc-32">
         <name>.debug_line</name>
         <load_address>0x0</load_address>
         <run_address>0x0</run_address>
         <size>0x44</size>
         <input_file_ref idref="fl-30"/>
      </object_component>
      <object_component id="oc-37">
         <name>.debug_line</name>
         <load_address>0x44</load_address>
         <run_address>0x44</run_address>
         <size>0x50</size>
         <input_file_ref idref="fl-31"/>
      </object_component>
      <object_component id="oc-41">
         <name>.debug_line</name>
         <load_address>0x94</load_address>
         <run_address>0x94</run_address>
         <size>0x49</size>
         <input_file_ref idref="fl-32"/>
      </object_component>
      <object_component id="oc-49">
         <name>.debug_line</name>
         <load_address>0xdd</load_address>
         <run_address>0xdd</run_address>
         <size>0x49</size>
         <input_file_ref idref="fl-2"/>
      </object_component>
      <object_component id="oc-4e">
         <name>.debug_line</name>
         <load_address>0x126</load_address>
         <run_address>0x126</run_address>
         <size>0x3c</size>
         <input_file_ref idref="fl-3b"/>
      </object_component>
      <object_component id="oc-52">
         <name>.debug_line</name>
         <load_address>0x162</load_address>
         <run_address>0x162</run_address>
         <size>0x47</size>
         <input_file_ref idref="fl-2"/>
      </object_component>
      <object_component id="oc-58">
         <name>.debug_line</name>
         <load_address>0x1a9</load_address>
         <run_address>0x1a9</run_address>
         <size>0x3e</size>
         <input_file_ref idref="fl-3d"/>
      </object_component>
      <object_component id="oc-5c">
         <name>.debug_line</name>
         <load_address>0x1e7</load_address>
         <run_address>0x1e7</run_address>
         <size>0x6b</size>
         <input_file_ref idref="fl-40"/>
      </object_component>
      <object_component id="oc-61">
         <name>.debug_line</name>
         <load_address>0x252</load_address>
         <run_address>0x252</run_address>
         <size>0x62</size>
         <input_file_ref idref="fl-2"/>
      </object_component>
      <object_component id="oc-65">
         <name>.debug_line</name>
         <load_address>0x2b4</load_address>
         <run_address>0x2b4</run_address>
         <size>0x3a</size>
         <input_file_ref idref="fl-35"/>
      </object_component>
      <object_component id="oc-6c">
         <name>.debug_line</name>
         <load_address>0x2ee</load_address>
         <run_address>0x2ee</run_address>
         <size>0x45</size>
         <input_file_ref idref="fl-3c"/>
      </object_component>
      <object_component id="oc-72">
         <name>.debug_line</name>
         <load_address>0x333</load_address>
         <run_address>0x333</run_address>
         <size>0x3a</size>
         <input_file_ref idref="fl-31"/>
      </object_component>
      <object_component id="oc-7f">
         <name>.debug_line</name>
         <load_address>0x36d</load_address>
         <run_address>0x36d</run_address>
         <size>0x80</size>
         <input_file_ref idref="fl-32"/>
      </object_component>
      <object_component id="oc-86">
         <name>.debug_line</name>
         <load_address>0x3ed</load_address>
         <run_address>0x3ed</run_address>
         <size>0x39</size>
         <input_file_ref idref="fl-32"/>
      </object_component>
      <object_component id="oc-8a">
         <name>.debug_line</name>
         <load_address>0x426</load_address>
         <run_address>0x426</run_address>
         <size>0x2a</size>
         <input_file_ref idref="fl-30"/>
      </object_component>
      <object_component id="oc-8d">
         <name>.debug_line</name>
         <load_address>0x450</load_address>
         <run_address>0x450</run_address>
         <size>0x20</size>
         <input_file_ref idref="fl-2"/>
      </object_component>
      <object_component id="oc-98">
         <name>.debug_line</name>
         <load_address>0x470</load_address>
         <run_address>0x470</run_address>
         <size>0x40</size>
         <input_file_ref idref="fl-34"/>
      </object_component>
      <object_component id="oc-9e">
         <name>.debug_line</name>
         <load_address>0x4b0</load_address>
         <run_address>0x4b0</run_address>
         <size>0x47</size>
         <input_file_ref idref="fl-2"/>
      </object_component>
      <object_component id="oc-a3">
         <name>.debug_line</name>
         <load_address>0x4f7</load_address>
         <run_address>0x4f7</run_address>
         <size>0x52</size>
         <input_file_ref idref="fl-2"/>
      </object_component>
      <object_component id="oc-ac">
         <name>.debug_line</name>
         <load_address>0x549</load_address>
         <run_address>0x549</run_address>
         <size>0x44</size>
         <input_file_ref idref="fl-33"/>
      </object_component>
      <object_component id="oc-b1">
         <name>.debug_line</name>
         <load_address>0x58d</load_address>
         <run_address>0x58d</run_address>
         <size>0x44</size>
         <input_file_ref idref="fl-31"/>
      </object_component>
      <object_component id="oc-b5">
         <name>.debug_line</name>
         <load_address>0x5d1</load_address>
         <run_address>0x5d1</run_address>
         <size>0x20</size>
         <input_file_ref idref="fl-31"/>
      </object_component>
      <object_component id="oc-ba">
         <name>.debug_line</name>
         <load_address>0x5f1</load_address>
         <run_address>0x5f1</run_address>
         <size>0x20</size>
         <input_file_ref idref="fl-32"/>
      </object_component>
      <object_component id="oc-bc">
         <name>.debug_line</name>
         <load_address>0x611</load_address>
         <run_address>0x611</run_address>
         <size>0x2d</size>
         <input_file_ref idref="fl-2"/>
      </object_component>
      <object_component id="oc-bf">
         <name>.debug_line</name>
         <load_address>0x63e</load_address>
         <run_address>0x63e</run_address>
         <size>0x2e</size>
         <input_file_ref idref="fl-40"/>
      </object_component>
      <object_component id="oc-c2">
         <name>.debug_line</name>
         <load_address>0x66c</load_address>
         <run_address>0x66c</run_address>
         <size>0x2e</size>
         <input_file_ref idref="fl-40"/>
      </object_component>
      <object_component id="oc-c8">
         <name>.debug_line</name>
         <load_address>0x69a</load_address>
         <run_address>0x69a</run_address>
         <size>0x46</size>
         <input_file_ref idref="fl-2"/>
      </object_component>
      <object_component id="oc-cd">
         <name>.debug_line</name>
         <load_address>0x6e0</load_address>
         <run_address>0x6e0</run_address>
         <size>0x20</size>
         <input_file_ref idref="fl-3c"/>
      </object_component>
      <object_component id="oc-33">
         <name>.debug_frame</name>
         <load_address>0x0</load_address>
         <run_address>0x0</run_address>
         <size>0x42</size>
         <input_file_ref idref="fl-30"/>
      </object_component>
      <object_component id="oc-38">
         <name>.debug_frame</name>
         <load_address>0x42</load_address>
         <run_address>0x42</run_address>
         <size>0x47</size>
         <input_file_ref idref="fl-31"/>
      </object_component>
      <object_component id="oc-42">
         <name>.debug_frame</name>
         <load_address>0x89</load_address>
         <run_address>0x89</run_address>
         <size>0x47</size>
         <input_file_ref idref="fl-32"/>
      </object_component>
      <object_component id="oc-4a">
         <name>.debug_frame</name>
         <load_address>0xd0</load_address>
         <run_address>0xd0</run_address>
         <size>0x47</size>
         <input_file_ref idref="fl-2"/>
      </object_component>
      <object_component id="oc-53">
         <name>.debug_frame</name>
         <load_address>0x117</load_address>
         <run_address>0x117</run_address>
         <size>0x47</size>
         <input_file_ref idref="fl-2"/>
      </object_component>
      <object_component id="oc-57">
         <name>.debug_frame</name>
         <load_address>0x15e</load_address>
         <run_address>0x15e</run_address>
         <size>0x47</size>
         <input_file_ref idref="fl-3d"/>
      </object_component>
      <object_component id="oc-5d">
         <name>.debug_frame</name>
         <load_address>0x1a5</load_address>
         <run_address>0x1a5</run_address>
         <size>0x51</size>
         <input_file_ref idref="fl-40"/>
      </object_component>
      <object_component id="oc-62">
         <name>.debug_frame</name>
         <load_address>0x1f6</load_address>
         <run_address>0x1f6</run_address>
         <size>0x47</size>
         <input_file_ref idref="fl-2"/>
      </object_component>
      <object_component id="oc-67">
         <name>.debug_frame</name>
         <load_address>0x23d</load_address>
         <run_address>0x23d</run_address>
         <size>0x47</size>
         <input_file_ref idref="fl-35"/>
      </object_component>
      <object_component id="oc-6d">
         <name>.debug_frame</name>
         <load_address>0x284</load_address>
         <run_address>0x284</run_address>
         <size>0x47</size>
         <input_file_ref idref="fl-3c"/>
      </object_component>
      <object_component id="oc-80">
         <name>.debug_frame</name>
         <load_address>0x2cb</load_address>
         <run_address>0x2cb</run_address>
         <size>0x51</size>
         <input_file_ref idref="fl-32"/>
      </object_component>
      <object_component id="oc-9f">
         <name>.debug_frame</name>
         <load_address>0x31c</load_address>
         <run_address>0x31c</run_address>
         <size>0x47</size>
         <input_file_ref idref="fl-2"/>
      </object_component>
      <object_component id="oc-a4">
         <name>.debug_frame</name>
         <load_address>0x363</load_address>
         <run_address>0x363</run_address>
         <size>0x47</size>
         <input_file_ref idref="fl-2"/>
      </object_component>
      <object_component id="oc-c9">
         <name>.debug_frame</name>
         <load_address>0x3aa</load_address>
         <run_address>0x3aa</run_address>
         <size>0x47</size>
         <input_file_ref idref="fl-2"/>
      </object_component>
      <object_component id="oc-34">
         <name>.debug_aranges</name>
         <load_address>0x0</load_address>
         <run_address>0x0</run_address>
         <size>0x20</size>
         <input_file_ref idref="fl-30"/>
      </object_component>
      <object_component id="oc-39">
         <name>.debug_aranges</name>
         <load_address>0x20</load_address>
         <run_address>0x20</run_address>
         <size>0x20</size>
         <input_file_ref idref="fl-31"/>
      </object_component>
      <object_component id="oc-43">
         <name>.debug_aranges</name>
         <load_address>0x40</load_address>
         <run_address>0x40</run_address>
         <size>0x20</size>
         <input_file_ref idref="fl-32"/>
      </object_component>
      <object_component id="oc-4b">
         <name>.debug_aranges</name>
         <load_address>0x60</load_address>
         <run_address>0x60</run_address>
         <size>0x20</size>
         <input_file_ref idref="fl-2"/>
      </object_component>
      <object_component id="oc-4f">
         <name>.debug_aranges</name>
         <load_address>0x80</load_address>
         <run_address>0x80</run_address>
         <size>0x20</size>
         <input_file_ref idref="fl-3b"/>
      </object_component>
      <object_component id="oc-54">
         <name>.debug_aranges</name>
         <load_address>0xa0</load_address>
         <run_address>0xa0</run_address>
         <size>0x20</size>
         <input_file_ref idref="fl-2"/>
      </object_component>
      <object_component id="oc-59">
         <name>.debug_aranges</name>
         <load_address>0xc0</load_address>
         <run_address>0xc0</run_address>
         <size>0x20</size>
         <input_file_ref idref="fl-3d"/>
      </object_component>
      <object_component id="oc-5e">
         <name>.debug_aranges</name>
         <load_address>0xe0</load_address>
         <run_address>0xe0</run_address>
         <size>0x20</size>
         <input_file_ref idref="fl-40"/>
      </object_component>
      <object_component id="oc-63">
         <name>.debug_aranges</name>
         <load_address>0x100</load_address>
         <run_address>0x100</run_address>
         <size>0x20</size>
         <input_file_ref idref="fl-2"/>
      </object_component>
      <object_component id="oc-68">
         <name>.debug_aranges</name>
         <load_address>0x120</load_address>
         <run_address>0x120</run_address>
         <size>0x20</size>
         <input_file_ref idref="fl-35"/>
      </object_component>
      <object_component id="oc-6e">
         <name>.debug_aranges</name>
         <load_address>0x140</load_address>
         <run_address>0x140</run_address>
         <size>0x20</size>
         <input_file_ref idref="fl-3c"/>
      </object_component>
      <object_component id="oc-81">
         <name>.debug_aranges</name>
         <load_address>0x160</load_address>
         <run_address>0x160</run_address>
         <size>0x20</size>
         <input_file_ref idref="fl-32"/>
      </object_component>
      <object_component id="oc-99">
         <name>.debug_aranges</name>
         <load_address>0x180</load_address>
         <run_address>0x180</run_address>
         <size>0x20</size>
         <input_file_ref idref="fl-34"/>
      </object_component>
      <object_component id="oc-a0">
         <name>.debug_aranges</name>
         <load_address>0x1a0</load_address>
         <run_address>0x1a0</run_address>
         <size>0x20</size>
         <input_file_ref idref="fl-2"/>
      </object_component>
      <object_component id="oc-a5">
         <name>.debug_aranges</name>
         <load_address>0x1c0</load_address>
         <run_address>0x1c0</run_address>
         <size>0x20</size>
         <input_file_ref idref="fl-2"/>
      </object_component>
      <object_component id="oc-ca">
         <name>.debug_aranges</name>
         <load_address>0x1e0</load_address>
         <run_address>0x1e0</run_address>
         <size>0x20</size>
         <input_file_ref idref="fl-2"/>
      </object_component>
      <object_component id="oc-69">
         <name>.debug_abbrev</name>
         <load_address>0x0</load_address>
         <run_address>0x0</run_address>
         <size>0x58</size>
         <input_file_ref idref="fl-30"/>
      </object_component>
      <object_component id="oc-6f">
         <name>.debug_abbrev</name>
         <load_address>0x58</load_address>
         <run_address>0x58</run_address>
         <size>0x74</size>
         <input_file_ref idref="fl-31"/>
      </object_component>
      <object_component id="oc-71">
         <name>.debug_abbrev</name>
         <load_address>0xcc</load_address>
         <run_address>0xcc</run_address>
         <size>0x24</size>
         <input_file_ref idref="fl-31"/>
      </object_component>
      <object_component id="oc-82">
         <name>.debug_abbrev</name>
         <load_address>0xf0</load_address>
         <run_address>0xf0</run_address>
         <size>0x74</size>
         <input_file_ref idref="fl-32"/>
      </object_component>
      <object_component id="oc-85">
         <name>.debug_abbrev</name>
         <load_address>0x164</load_address>
         <run_address>0x164</run_address>
         <size>0x24</size>
         <input_file_ref idref="fl-32"/>
      </object_component>
      <object_component id="oc-89">
         <name>.debug_abbrev</name>
         <load_address>0x188</load_address>
         <run_address>0x188</run_address>
         <size>0x29</size>
         <input_file_ref idref="fl-30"/>
      </object_component>
      <object_component id="oc-8c">
         <name>.debug_abbrev</name>
         <load_address>0x1b1</load_address>
         <run_address>0x1b1</run_address>
         <size>0x1f</size>
         <input_file_ref idref="fl-2"/>
      </object_component>
      <object_component id="oc-92">
         <name>.debug_abbrev</name>
         <load_address>0x1d0</load_address>
         <run_address>0x1d0</run_address>
         <size>0x53</size>
         <input_file_ref idref="fl-2"/>
      </object_component>
      <object_component id="oc-93">
         <name>.debug_abbrev</name>
         <load_address>0x223</load_address>
         <run_address>0x223</run_address>
         <size>0x27</size>
         <input_file_ref idref="fl-3b"/>
      </object_component>
      <object_component id="oc-94">
         <name>.debug_abbrev</name>
         <load_address>0x24a</load_address>
         <run_address>0x24a</run_address>
         <size>0x53</size>
         <input_file_ref idref="fl-2"/>
      </object_component>
      <object_component id="oc-95">
         <name>.debug_abbrev</name>
         <load_address>0x29d</load_address>
         <run_address>0x29d</run_address>
         <size>0x55</size>
         <input_file_ref idref="fl-3d"/>
      </object_component>
      <object_component id="oc-9a">
         <name>.debug_abbrev</name>
         <load_address>0x2f2</load_address>
         <run_address>0x2f2</run_address>
         <size>0x64</size>
         <input_file_ref idref="fl-40"/>
      </object_component>
      <object_component id="oc-a6">
         <name>.debug_abbrev</name>
         <load_address>0x356</load_address>
         <run_address>0x356</run_address>
         <size>0x54</size>
         <input_file_ref idref="fl-2"/>
      </object_component>
      <object_component id="oc-a7">
         <name>.debug_abbrev</name>
         <load_address>0x3aa</load_address>
         <run_address>0x3aa</run_address>
         <size>0x45</size>
         <input_file_ref idref="fl-35"/>
      </object_component>
      <object_component id="oc-a8">
         <name>.debug_abbrev</name>
         <load_address>0x3ef</load_address>
         <run_address>0x3ef</run_address>
         <size>0x71</size>
         <input_file_ref idref="fl-3c"/>
      </object_component>
      <object_component id="oc-ab">
         <name>.debug_abbrev</name>
         <load_address>0x460</load_address>
         <run_address>0x460</run_address>
         <size>0x24</size>
         <input_file_ref idref="fl-33"/>
      </object_component>
      <object_component id="oc-b0">
         <name>.debug_abbrev</name>
         <load_address>0x484</load_address>
         <run_address>0x484</run_address>
         <size>0x24</size>
         <input_file_ref idref="fl-31"/>
      </object_component>
      <object_component id="oc-b4">
         <name>.debug_abbrev</name>
         <load_address>0x4a8</load_address>
         <run_address>0x4a8</run_address>
         <size>0x57</size>
         <input_file_ref idref="fl-31"/>
      </object_component>
      <object_component id="oc-b8">
         <name>.debug_abbrev</name>
         <load_address>0x4ff</load_address>
         <run_address>0x4ff</run_address>
         <size>0x61</size>
         <input_file_ref idref="fl-32"/>
      </object_component>
      <object_component id="oc-b9">
         <name>.debug_abbrev</name>
         <load_address>0x560</load_address>
         <run_address>0x560</run_address>
         <size>0x37</size>
         <input_file_ref idref="fl-32"/>
      </object_component>
      <object_component id="oc-bb">
         <name>.debug_abbrev</name>
         <load_address>0x597</load_address>
         <run_address>0x597</run_address>
         <size>0x29</size>
         <input_file_ref idref="fl-2"/>
      </object_component>
      <object_component id="oc-bd">
         <name>.debug_abbrev</name>
         <load_address>0x5c0</load_address>
         <run_address>0x5c0</run_address>
         <size>0x39</size>
         <input_file_ref idref="fl-34"/>
      </object_component>
      <object_component id="oc-be">
         <name>.debug_abbrev</name>
         <load_address>0x5f9</load_address>
         <run_address>0x5f9</run_address>
         <size>0x82</size>
         <input_file_ref idref="fl-40"/>
      </object_component>
      <object_component id="oc-c1">
         <name>.debug_abbrev</name>
         <load_address>0x67b</load_address>
         <run_address>0x67b</run_address>
         <size>0x24</size>
         <input_file_ref idref="fl-40"/>
      </object_component>
      <object_component id="oc-c5">
         <name>.debug_abbrev</name>
         <load_address>0x69f</load_address>
         <run_address>0x69f</run_address>
         <size>0x50</size>
         <input_file_ref idref="fl-2"/>
      </object_component>
      <object_component id="oc-cb">
         <name>.debug_abbrev</name>
         <load_address>0x6ef</load_address>
         <run_address>0x6ef</run_address>
         <size>0x5e</size>
         <input_file_ref idref="fl-2"/>
      </object_component>
      <object_component id="oc-cc">
         <name>.debug_abbrev</name>
         <load_address>0x74d</load_address>
         <run_address>0x74d</run_address>
         <size>0x3e</size>
         <input_file_ref idref="fl-3c"/>
      </object_component>
      <object_component id="oc-ce">
         <name>.debug_abbrev</name>
         <load_address>0x78b</load_address>
         <run_address>0x78b</run_address>
         <size>0x50</size>
         <input_file_ref idref="fl-2"/>
      </object_component>
      <object_component id="oc-109">
         <name>.debug_abbrev</name>
         <load_address>0x7db</load_address>
         <run_address>0x7db</run_address>
         <size>0xf</size>
      </object_component>
      <object_component id="oc-73">
         <name>.debug_str</name>
         <load_address>0x0</load_address>
         <run_address>0x0</run_address>
         <size>0xb5</size>
         <input_file_ref idref="fl-31"/>
      </object_component>
      <object_component id="oc-87">
         <name>.debug_str</name>
         <load_address>0xb5</load_address>
         <run_address>0xb5</run_address>
         <size>0xa7</size>
         <input_file_ref idref="fl-32"/>
      </object_component>
      <object_component id="oc-8e">
         <name>.debug_str</name>
         <load_address>0x15c</load_address>
         <run_address>0x15c</run_address>
         <size>0xf5</size>
         <input_file_ref idref="fl-2"/>
      </object_component>
      <object_component id="oc-ad">
         <name>.debug_str</name>
         <load_address>0x251</load_address>
         <run_address>0x251</run_address>
         <size>0x9c</size>
         <input_file_ref idref="fl-33"/>
      </object_component>
      <object_component id="oc-b2">
         <name>.debug_str</name>
         <load_address>0x2ed</load_address>
         <run_address>0x2ed</run_address>
         <size>0x9c</size>
         <input_file_ref idref="fl-31"/>
      </object_component>
      <object_component id="oc-c3">
         <name>.debug_str</name>
         <load_address>0x389</load_address>
         <run_address>0x389</run_address>
         <size>0x94</size>
         <input_file_ref idref="fl-40"/>
      </object_component>
      <object_component id="oc-74">
         <name>.debug_pubtypes</name>
         <load_address>0x0</load_address>
         <run_address>0x0</run_address>
         <size>0x48</size>
         <input_file_ref idref="fl-31"/>
      </object_component>
      <object_component id="oc-88">
         <name>.debug_pubtypes</name>
         <load_address>0x48</load_address>
         <run_address>0x48</run_address>
         <size>0x37</size>
         <input_file_ref idref="fl-32"/>
      </object_component>
      <object_component id="oc-8f">
         <name>.debug_pubtypes</name>
         <load_address>0x7f</load_address>
         <run_address>0x7f</run_address>
         <size>0xed</size>
         <input_file_ref idref="fl-2"/>
      </object_component>
      <object_component id="oc-ae">
         <name>.debug_pubtypes</name>
         <load_address>0x16c</load_address>
         <run_address>0x16c</run_address>
         <size>0x1d</size>
         <input_file_ref idref="fl-33"/>
      </object_component>
      <object_component id="oc-b3">
         <name>.debug_pubtypes</name>
         <load_address>0x189</load_address>
         <run_address>0x189</run_address>
         <size>0x1d</size>
         <input_file_ref idref="fl-31"/>
      </object_component>
      <object_component id="oc-c4">
         <name>.debug_pubtypes</name>
         <load_address>0x1a6</load_address>
         <run_address>0x1a6</run_address>
         <size>0x2f</size>
         <input_file_ref idref="fl-40"/>
      </object_component>
   </object_component_list>
   <logical_group_list>
      <logical_group id="lg-4" display="no" color="cyan">
         <name>.sysmem</name>
         <run_address>0x0</run_address>
         <size>0x0</size>
         <contents>
         </contents>
      </logical_group>
      <logical_group id="lg-5" display="no" color="cyan">
         <name>.stack</name>
         <run_address>0x2b0</run_address>
         <size>0x50</size>
         <contents>
            <object_component_ref idref="oc-44"/>
            <object_component_ref idref="oc-107"/>
         </contents>
      </logical_group>
      <logical_group id="lg-6" display="no" color="cyan">
         <name>.text</name>
         <load_address>0xf000</load_address>
         <run_address>0xf000</run_address>
         <size>0x254</size>
         <contents>
            <object_component_ref idref="oc-5f"/>
            <object_component_ref idref="oc-7d"/>
            <object_component_ref idref="oc-5a"/>
            <object_component_ref idref="oc-a1"/>
            <object_component_ref idref="oc-9c"/>
            <object_component_ref idref="oc-47"/>
            <object_component_ref idref="oc-c6"/>
            <object_component_ref idref="oc-30"/>
            <object_component_ref idref="oc-50"/>
            <object_component_ref idref="oc-35"/>
            <object_component_ref idref="oc-6a"/>
            <object_component_ref idref="oc-96"/>
            <object_component_ref idref="oc-4c"/>
            <object_component_ref idref="oc-3f"/>
            <object_component_ref idref="oc-55"/>
            <object_component_ref idref="oc-64"/>
         </contents>
      </logical_group>
      <logical_group id="lg-7" display="no" color="cyan">
         <name>.cinit</name>
         <load_address>0xf254</load_address>
         <run_address>0xf254</run_address>
         <size>0x14</size>
         <contents>
            <object_component_ref idref="oc-106"/>
            <object_component_ref idref="oc-104"/>
            <object_component_ref idref="oc-105"/>
         </contents>
      </logical_group>
      <logical_group id="lg-8" display="no" color="cyan">
         <name>.const</name>
         <run_address>0x0</run_address>
         <size>0x0</size>
         <contents>
         </contents>
      </logical_group>
      <logical_group id="lg-9" display="no" color="cyan">
         <name>.cio</name>
         <run_address>0x0</run_address>
         <size>0x0</size>
         <contents>
         </contents>
      </logical_group>
      <logical_group id="lg-a" display="no" color="cyan">
         <name>.pinit</name>
         <run_address>0x0</run_address>
         <size>0x0</size>
         <contents>
         </contents>
      </logical_group>
      <logical_group id="lg-b" display="no" color="cyan">
         <name>.init_array</name>
         <run_address>0x0</run_address>
         <size>0x0</size>
         <contents>
         </contents>
      </logical_group>
      <logical_group id="lg-c" display="no" color="cyan">
         <name>.mspabi.exidx</name>
         <run_address>0x0</run_address>
         <size>0x0</size>
         <contents>
         </contents>
      </logical_group>
      <logical_group id="lg-d" display="no" color="cyan">
         <name>.mspabi.extab</name>
         <run_address>0x0</run_address>
         <size>0x0</size>
         <contents>
         </contents>
      </logical_group>
      <logical_group id="lg-e" display="no" color="cyan">
         <name>.infoA</name>
         <run_address>0x0</run_address>
         <size>0x0</size>
         <contents>
         </contents>
      </logical_group>
      <logical_group id="lg-f" display="no" color="cyan">
         <name>.infoB</name>
         <run_address>0x0</run_address>
         <size>0x0</size>
         <contents>
         </contents>
      </logical_group>
      <logical_group id="lg-10" display="no" color="cyan">
         <name>.infoC</name>
         <run_address>0x0</run_address>
         <size>0x0</size>
         <contents>
         </contents>
      </logical_group>
      <logical_group id="lg-11" display="no" color="cyan">
         <name>.infoD</name>
         <run_address>0x0</run_address>
         <size>0x0</size>
         <contents>
         </contents>
      </logical_group>
      <logical_group id="lg-12" display="no" color="cyan">
         <name>.int00</name>
         <run_address>0x0</run_address>
         <size>0x0</size>
         <contents>
         </contents>
      </logical_group>
      <logical_group id="lg-13" display="no" color="cyan">
         <name>.int01</name>
         <run_address>0x0</run_address>
         <size>0x0</size>
         <contents>
         </contents>
      </logical_group>
      <logical_group id="lg-14" display="no" color="cyan">
         <name>PORT1</name>
         <load_address>0xffe4</load_address>
         <run_address>0xffe4</run_address>
         <size>0x2</size>
         <contents>
            <object_component_ref idref="oc-29"/>
         </contents>
      </logical_group>
      <logical_group id="lg-16" display="no" color="cyan">
         <name>PORT2</name>
         <load_address>0xffe6</load_address>
         <run_address>0xffe6</run_address>
         <size>0x2</size>
         <contents>
            <object_component_ref idref="oc-2a"/>
         </contents>
      </logical_group>
      <logical_group id="lg-18" display="no" color="cyan">
         <name>USI</name>
         <load_address>0xffe8</load_address>
         <run_address>0xffe8</run_address>
         <size>0x2</size>
         <contents>
            <object_component_ref idref="oc-2b"/>
         </contents>
      </logical_group>
      <logical_group id="lg-1a" display="no" color="cyan">
         <name>.int05</name>
         <run_address>0x0</run_address>
         <size>0x0</size>
         <contents>
         </contents>
      </logical_group>
      <logical_group id="lg-1b" display="no" color="cyan">
         <name>.int06</name>
         <run_address>0x0</run_address>
         <size>0x0</size>
         <contents>
         </contents>
      </logical_group>
      <logical_group id="lg-1c" display="no" color="cyan">
         <name>.int07</name>
         <run_address>0x0</run_address>
         <size>0x0</size>
         <contents>
         </contents>
      </logical_group>
      <logical_group id="lg-1d" display="no" color="cyan">
         <name>TIMER0_A1</name>
         <load_address>0xfff0</load_address>
         <run_address>0xfff0</run_address>
         <size>0x2</size>
         <contents>
            <object_component_ref idref="oc-2c"/>
         </contents>
      </logical_group>
      <logical_group id="lg-1f" display="no" color="cyan">
         <name>TIMER0_A0</name>
         <load_address>0xfff2</load_address>
         <run_address>0xfff2</run_address>
         <size>0x2</size>
         <contents>
            <object_component_ref idref="oc-2d"/>
         </contents>
      </logical_group>
      <logical_group id="lg-21" display="no" color="cyan">
         <name>WDT</name>
         <load_address>0xfff4</load_address>
         <run_address>0xfff4</run_address>
         <size>0x2</size>
         <contents>
            <object_component_ref idref="oc-2e"/>
         </contents>
      </logical_group>
      <logical_group id="lg-23" display="no" color="cyan">
         <name>.int11</name>
         <run_address>0x0</run_address>
         <size>0x0</size>
         <contents>
         </contents>
      </logical_group>
      <logical_group id="lg-24" display="no" color="cyan">
         <name>.int12</name>
         <run_address>0x0</run_address>
         <size>0x0</size>
         <contents>
         </contents>
      </logical_group>
      <logical_group id="lg-25" display="no" color="cyan">
         <name>.int13</name>
         <run_address>0x0</run_address>
         <size>0x0</size>
         <contents>
         </contents>
      </logical_group>
      <logical_group id="lg-26" display="no" color="cyan">
         <name>NMI</name>
         <load_address>0xfffc</load_address>
         <run_address>0xfffc</run_address>
         <size>0x2</size>
         <contents>
            <object_component_ref idref="oc-2f"/>
         </contents>
      </logical_group>
      <logical_group id="lg-28" display="no" color="cyan">
         <name>.reset</name>
         <load_address>0xfffe</load_address>
         <run_address>0xfffe</run_address>
         <size>0x2</size>
         <contents>
            <object_component_ref idref="oc-46"/>
         </contents>
      </logical_group>
      <logical_group id="lg-d0" display="no" color="cyan">
         <name>.TI.noinit</name>
         <run_address>0x0</run_address>
         <size>0x0</size>
         <contents>
         </contents>
      </logical_group>
      <logical_group id="lg-2" display="no" color="cyan">
         <name>.bss</name>
         <run_address>0x0</run_address>
         <size>0x0</size>
         <contents>
         </contents>
      </logical_group>
      <logical_group id="lg-cf" display="no" color="cyan">
         <name>BSS_GROUP</name>
         <run_address>0x0</run_address>
         <size>0x0</size>
         <contents>
            <logical_group_ref idref="lg-d0"/>
            <logical_group_ref idref="lg-2"/>
         </contents>
      </logical_group>
      <logical_group id="lg-d2" display="no" color="cyan">
         <name>.TI.persistent</name>
         <run_address>0x200</run_address>
         <size>0x0</size>
         <contents>
         </contents>
      </logical_group>
      <logical_group id="lg-3" display="no" color="cyan">
         <name>.data</name>
         <run_address>0x200</run_address>
         <size>0x8</size>
         <contents>
            <object_component_ref idref="oc-90"/>
         </contents>
      </logical_group>
      <logical_group id="lg-d1" display="no" color="cyan">
         <name>DATA_GROUP</name>
         <load_address>0x200</load_address>
         <run_address>0x200</run_address>
         <size>0x8</size>
         <contents>
            <logical_group_ref idref="lg-d2"/>
            <logical_group_ref idref="lg-3"/>
         </contents>
      </logical_group>
      <logical_group id="lg-f6" display="never" color="cyan">
         <name>.debug_info</name>
         <load_address>0x0</load_address>
         <run_address>0x0</run_address>
         <size>0x1d2a</size>
         <contents>
            <object_component_ref idref="oc-31"/>
            <object_component_ref idref="oc-36"/>
            <object_component_ref idref="oc-40"/>
            <object_component_ref idref="oc-45"/>
            <object_component_ref idref="oc-48"/>
            <object_component_ref idref="oc-4d"/>
            <object_component_ref idref="oc-51"/>
            <object_component_ref idref="oc-56"/>
            <object_component_ref idref="oc-5b"/>
            <object_component_ref idref="oc-60"/>
            <object_component_ref idref="oc-66"/>
            <object_component_ref idref="oc-6b"/>
            <object_component_ref idref="oc-70"/>
            <object_component_ref idref="oc-75"/>
            <object_component_ref idref="oc-7e"/>
            <object_component_ref idref="oc-83"/>
            <object_component_ref idref="oc-84"/>
            <object_component_ref idref="oc-8b"/>
            <object_component_ref idref="oc-91"/>
            <object_component_ref idref="oc-97"/>
            <object_component_ref idref="oc-9b"/>
            <object_component_ref idref="oc-9d"/>
            <object_component_ref idref="oc-a2"/>
            <object_component_ref idref="oc-a9"/>
            <object_component_ref idref="oc-aa"/>
            <object_component_ref idref="oc-af"/>
            <object_component_ref idref="oc-c0"/>
            <object_component_ref idref="oc-c7"/>
            <object_component_ref idref="oc-108"/>
         </contents>
      </logical_group>
      <logical_group id="lg-f8" display="never" color="cyan">
         <name>.debug_line</name>
         <load_address>0x0</load_address>
         <run_address>0x0</run_address>
         <size>0x700</size>
         <contents>
            <object_component_ref idref="oc-32"/>
            <object_component_ref idref="oc-37"/>
            <object_component_ref idref="oc-41"/>
            <object_component_ref idref="oc-49"/>
            <object_component_ref idref="oc-4e"/>
            <object_component_ref idref="oc-52"/>
            <object_component_ref idref="oc-58"/>
            <object_component_ref idref="oc-5c"/>
            <object_component_ref idref="oc-61"/>
            <object_component_ref idref="oc-65"/>
            <object_component_ref idref="oc-6c"/>
            <object_component_ref idref="oc-72"/>
            <object_component_ref idref="oc-7f"/>
            <object_component_ref idref="oc-86"/>
            <object_component_ref idref="oc-8a"/>
            <object_component_ref idref="oc-8d"/>
            <object_component_ref idref="oc-98"/>
            <object_component_ref idref="oc-9e"/>
            <object_component_ref idref="oc-a3"/>
            <object_component_ref idref="oc-ac"/>
            <object_component_ref idref="oc-b1"/>
            <object_component_ref idref="oc-b5"/>
            <object_component_ref idref="oc-ba"/>
            <object_component_ref idref="oc-bc"/>
            <object_component_ref idref="oc-bf"/>
            <object_component_ref idref="oc-c2"/>
            <object_component_ref idref="oc-c8"/>
            <object_component_ref idref="oc-cd"/>
         </contents>
      </logical_group>
      <logical_group id="lg-fa" display="never" color="cyan">
         <name>.debug_frame</name>
         <load_address>0x0</load_address>
         <run_address>0x0</run_address>
         <size>0x3f1</size>
         <contents>
            <object_component_ref idref="oc-33"/>
            <object_component_ref idref="oc-38"/>
            <object_component_ref idref="oc-42"/>
            <object_component_ref idref="oc-4a"/>
            <object_component_ref idref="oc-53"/>
            <object_component_ref idref="oc-57"/>
            <object_component_ref idref="oc-5d"/>
            <object_component_ref idref="oc-62"/>
            <object_component_ref idref="oc-67"/>
            <object_component_ref idref="oc-6d"/>
            <object_component_ref idref="oc-80"/>
            <object_component_ref idref="oc-9f"/>
            <object_component_ref idref="oc-a4"/>
            <object_component_ref idref="oc-c9"/>
         </contents>
      </logical_group>
      <logical_group id="lg-fc" display="never" color="cyan">
         <name>.debug_aranges</name>
         <load_address>0x0</load_address>
         <run_address>0x0</run_address>
         <size>0x200</size>
         <contents>
            <object_component_ref idref="oc-34"/>
            <object_component_ref idref="oc-39"/>
            <object_component_ref idref="oc-43"/>
            <object_component_ref idref="oc-4b"/>
            <object_component_ref idref="oc-4f"/>
            <object_component_ref idref="oc-54"/>
            <object_component_ref idref="oc-59"/>
            <object_component_ref idref="oc-5e"/>
            <object_component_ref idref="oc-63"/>
            <object_component_ref idref="oc-68"/>
            <object_component_ref idref="oc-6e"/>
            <object_component_ref idref="oc-81"/>
            <object_component_ref idref="oc-99"/>
            <object_component_ref idref="oc-a0"/>
            <object_component_ref idref="oc-a5"/>
            <object_component_ref idref="oc-ca"/>
         </contents>
      </logical_group>
      <logical_group id="lg-fe" display="never" color="cyan">
         <name>.debug_abbrev</name>
         <load_address>0x0</load_address>
         <run_address>0x0</run_address>
         <size>0x7ea</size>
         <contents>
            <object_component_ref idref="oc-69"/>
            <object_component_ref idref="oc-6f"/>
            <object_component_ref idref="oc-71"/>
            <object_component_ref idref="oc-82"/>
            <object_component_ref idref="oc-85"/>
            <object_component_ref idref="oc-89"/>
            <object_component_ref idref="oc-8c"/>
            <object_component_ref idref="oc-92"/>
            <object_component_ref idref="oc-93"/>
            <object_component_ref idref="oc-94"/>
            <object_component_ref idref="oc-95"/>
            <object_component_ref idref="oc-9a"/>
            <object_component_ref idref="oc-a6"/>
            <object_component_ref idref="oc-a7"/>
            <object_component_ref idref="oc-a8"/>
            <object_component_ref idref="oc-ab"/>
            <object_component_ref idref="oc-b0"/>
            <object_component_ref idref="oc-b4"/>
            <object_component_ref idref="oc-b8"/>
            <object_component_ref idref="oc-b9"/>
            <object_component_ref idref="oc-bb"/>
            <object_component_ref idref="oc-bd"/>
            <object_component_ref idref="oc-be"/>
            <object_component_ref idref="oc-c1"/>
            <object_component_ref idref="oc-c5"/>
            <object_component_ref idref="oc-cb"/>
            <object_component_ref idref="oc-cc"/>
            <object_component_ref idref="oc-ce"/>
            <object_component_ref idref="oc-109"/>
         </contents>
      </logical_group>
      <logical_group id="lg-100" display="never" color="cyan">
         <name>.debug_str</name>
         <load_address>0x0</load_address>
         <run_address>0x0</run_address>
         <size>0x41d</size>
         <contents>
            <object_component_ref idref="oc-73"/>
            <object_component_ref idref="oc-87"/>
            <object_component_ref idref="oc-8e"/>
            <object_component_ref idref="oc-ad"/>
            <object_component_ref idref="oc-b2"/>
            <object_component_ref idref="oc-c3"/>
         </contents>
      </logical_group>
      <logical_group id="lg-102" display="never" color="cyan">
         <name>.debug_pubtypes</name>
         <load_address>0x0</load_address>
         <run_address>0x0</run_address>
         <size>0x1d5</size>
         <contents>
            <object_component_ref idref="oc-74"/>
            <object_component_ref idref="oc-88"/>
            <object_component_ref idref="oc-8f"/>
            <object_component_ref idref="oc-ae"/>
            <object_component_ref idref="oc-b3"/>
            <object_component_ref idref="oc-c4"/>
         </contents>
      </logical_group>
      <load_segment id="lg-10b" display="no" color="cyan">
         <name>SEGMENT_0</name>
         <run_address>0x200</run_address>
         <size>0x8</size>
         <flags>0x6</flags>
         <contents>
            <logical_group_ref idref="lg-3"/>
         </contents>
      </load_segment>
      <load_segment id="lg-10c" display="no" color="cyan">
         <name>SEGMENT_1</name>
         <run_address>0x2b0</run_address>
         <size>0x50</size>
         <flags>0x6</flags>
         <contents>
            <logical_group_ref idref="lg-5"/>
         </contents>
      </load_segment>
      <load_segment id="lg-10d" display="no" color="cyan">
         <name>SEGMENT_2</name>
         <load_address>0xf000</load_address>
         <run_address>0xf000</run_address>
         <size>0x268</size>
         <flags>0x5</flags>
         <contents>
            <logical_group_ref idref="lg-6"/>
            <logical_group_ref idref="lg-7"/>
         </contents>
      </load_segment>
      <load_segment id="lg-10e" display="no" color="cyan">
         <name>SEGMENT_3</name>
         <load_address>0xffe4</load_address>
         <run_address>0xffe4</run_address>
         <size>0x6</size>
         <flags>0x4</flags>
         <contents>
            <logical_group_ref idref="lg-14"/>
            <logical_group_ref idref="lg-16"/>
            <logical_group_ref idref="lg-18"/>
         </contents>
      </load_segment>
      <load_segment id="lg-10f" display="no" color="cyan">
         <name>SEGMENT_4</name>
         <load_address>0xfff0</load_address>
         <run_address>0xfff0</run_address>
         <size>0x6</size>
         <flags>0x4</flags>
         <contents>
            <logical_group_ref idref="lg-1d"/>
            <logical_group_ref idref="lg-1f"/>
            <logical_group_ref idref="lg-21"/>
         </contents>
      </load_segment>
      <load_segment id="lg-110" display="no" color="cyan">
         <name>SEGMENT_5</name>
         <load_address>0xfffc</load_address>
         <run_address>0xfffc</run_address>
         <size>0x4</size>
         <flags>0x4</flags>
         <contents>
            <logical_group_ref idref="lg-26"/>
            <logical_group_ref idref="lg-28"/>
         </contents>
      </load_segment>
   </logical_group_list>
   <placement_map>
      <memory_area display="no" color="green">
         <name>SFR</name>
         <page_id>0x0</page_id>
         <origin>0x0</origin>
         <length>0x10</length>
         <used_space>0x0</used_space>
         <unused_space>0x10</unused_space>
         <attributes>RWIX</attributes>
         <usage_details>
         </usage_details>
      </memory_area>
      <memory_area display="yes" color="green">
         <name>PERIPHERALS_8BIT</name>
         <page_id>0x0</page_id>
         <origin>0x10</origin>
         <length>0xf0</length>
         <used_space>0x0</used_space>
         <unused_space>0xf0</unused_space>
         <attributes>RWIX</attributes>
         <usage_details>
         </usage_details>
      </memory_area>
      <memory_area display="yes" color="green">
         <name>PERIPHERALS_16BIT</name>
         <page_id>0x0</page_id>
         <origin>0x100</origin>
         <length>0x100</length>
         <used_space>0x0</used_space>
         <unused_space>0x100</unused_space>
         <attributes>RWIX</attributes>
         <usage_details>
         </usage_details>
      </memory_area>
      <memory_area display="yes" color="green">
         <name>RAM</name>
         <page_id>0x0</page_id>
         <origin>0x200</origin>
         <length>0x100</length>
         <used_space>0x58</used_space>
         <unused_space>0xa8</unused_space>
         <attributes>RWIX</attributes>
         <usage_details>
            <allocated_space>
               <start_address>0x200</start_address>
               <size>0x8</size>
               <logical_group_ref idref="lg-d1"/>
            </allocated_space>
            <available_space>
               <start_address>0x208</start_address>
               <size>0xa8</size>
            </available_space>
            <allocated_space>
               <start_address>0x2b0</start_address>
               <size>0x50</size>
               <logical_group_ref idref="lg-5"/>
            </allocated_space>
         </usage_details>
      </memory_area>
      <memory_area display="no" color="green">
         <name>INFOD</name>
         <page_id>0x0</page_id>
         <origin>0x1000</origin>
         <length>0x40</length>
         <used_space>0x0</used_space>
         <unused_space>0x40</unused_space>
         <attributes>RWIX</attributes>
         <usage_details>
         </usage_details>
      </memory_area>
      <memory_area display="no" color="green">
         <name>INFOC</name>
         <page_id>0x0</page_id>
         <origin>0x1040</origin>
         <length>0x40</length>
         <used_space>0x0</used_space>
         <unused_space>0x40</unused_space>
         <attributes>RWIX</attributes>
         <usage_details>
         </usage_details>
      </memory_area>
      <memory_area display="no" color="green">
         <name>INFOB</name>
         <page_id>0x0</page_id>
         <origin>0x1080</origin>
         <length>0x40</length>
         <used_space>0x0</used_space>
         <unused_space>0x40</unused_space>
         <attributes>RWIX</attributes>
         <usage_details>
         </usage_details>
      </memory_area>
      <memory_area display="no" color="green">
         <name>INFOA</name>
         <page_id>0x0</page_id>
         <origin>0x10c0</origin>
         <length>0x40</length>
         <used_space>0x0</used_space>
         <unused_space>0x40</unused_space>
         <attributes>RWIX</attributes>
         <usage_details>
         </usage_details>
      </memory_area>
      <memory_area display="yes" color="green">
         <name>FLASH</name>
         <page_id>0x0</page_id>
         <origin>0xf000</origin>
         <length>0xfe0</length>
         <used_space>0x268</used_space>
         <unused_space>0xd78</unused_space>
         <attributes>RWIX</attributes>
         <usage_details>
            <allocated_space>
               <start_address>0xf000</start_address>
               <size>0x254</size>
               <logical_group_ref idref="lg-6"/>
            </allocated_space>
            <allocated_space>
               <start_address>0xf254</start_address>
               <size>0x14</size>
               <logical_group_ref idref="lg-7"/>
            </allocated_space>
            <available_space>
               <start_address>0xf268</start_address>
               <size>0xd78</size>
            </available_space>
         </usage_details>
      </memory_area>
      <memory_area display="no" color="green">
         <name>INT00</name>
         <page_id>0x0</page_id>
         <origin>0xffe0</origin>
         <length>0x2</length>
         <used_space>0x0</used_space>
         <unused_space>0x2</unused_space>
         <attributes>RWIX</attributes>
         <usage_details>
         </usage_details>
      </memory_area>
      <memory_area display="no" color="green">
         <name>INT01</name>
         <page_id>0x0</page_id>
         <origin>0xffe2</origin>
         <length>0x2</length>
         <used_space>0x0</used_space>
         <unused_space>0x2</unused_space>
         <attributes>RWIX</attributes>
         <usage_details>
         </usage_details>
      </memory_area>
      <memory_area display="no" color="green">
         <name>INT02</name>
         <page_id>0x0</page_id>
         <origin>0xffe4</origin>
         <length>0x2</length>
         <used_space>0x2</used_space>
         <unused_space>0x0</unused_space>
         <attributes>RWIX</attributes>
         <usage_details>
            <allocated_space>
               <start_address>0xffe4</start_address>
               <size>0x2</size>
               <logical_group_ref idref="lg-14"/>
            </allocated_space>
         </usage_details>
      </memory_area>
      <memory_area display="no" color="green">
         <name>INT03</name>
         <page_id>0x0</page_id>
         <origin>0xffe6</origin>
         <length>0x2</length>
         <used_space>0x2</used_space>
         <unused_space>0x0</unused_space>
         <attributes>RWIX</attributes>
         <usage_details>
            <allocated_space>
               <start_address>0xffe6</start_address>
               <size>0x2</size>
               <logical_group_ref idref="lg-16"/>
            </allocated_space>
         </usage_details>
      </memory_area>
      <memory_area display="no" color="green">
         <name>INT04</name>
         <page_id>0x0</page_id>
         <origin>0xffe8</origin>
         <length>0x2</length>
         <used_space>0x2</used_space>
         <unused_space>0x0</unused_space>
         <attributes>RWIX</attributes>
         <usage_details>
            <allocated_space>
               <start_address>0xffe8</start_address>
               <size>0x2</size>
               <logical_group_ref idref="lg-18"/>
            </allocated_space>
         </usage_details>
      </memory_area>
      <memory_area display="no" color="green">
         <name>INT05</name>
         <page_id>0x0</page_id>
         <origin>0xffea</origin>
         <length>0x2</length>
         <used_space>0x0</used_space>
         <unused_space>0x2</unused_space>
         <attributes>RWIX</attributes>
         <usage_details>
         </usage_details>
      </memory_area>
      <memory_area display="no" color="green">
         <name>INT06</name>
         <page_id>0x0</page_id>
         <origin>0xffec</origin>
         <length>0x2</length>
         <used_space>0x0</used_space>
         <unused_space>0x2</unused_space>
         <attributes>RWIX</attributes>
         <usage_details>
         </usage_details>
      </memory_area>
      <memory_area display="no" color="green">
         <name>INT07</name>
         <page_id>0x0</page_id>
         <origin>0xffee</origin>
         <length>0x2</length>
         <used_space>0x0</used_space>
         <unused_space>0x2</unused_space>
         <attributes>RWIX</attributes>
         <usage_details>
         </usage_details>
      </memory_area>
      <memory_area display="no" color="green">
         <name>INT08</name>
         <page_id>0x0</page_id>
         <origin>0xfff0</origin>
         <length>0x2</length>
         <used_space>0x2</used_space>
         <unused_space>0x0</unused_space>
         <attributes>RWIX</attributes>
         <usage_details>
            <allocated_space>
               <start_address>0xfff0</start_address>
               <size>0x2</size>
               <logical_group_ref idref="lg-1d"/>
            </allocated_space>
         </usage_details>
      </memory_area>
      <memory_area display="no" color="green">
         <name>INT09</name>
         <page_id>0x0</page_id>
         <origin>0xfff2</origin>
         <length>0x2</length>
         <used_space>0x2</used_space>
         <unused_space>0x0</unused_space>
         <attributes>RWIX</attributes>
         <usage_details>
            <allocated_space>
               <start_address>0xfff2</start_address>
               <size>0x2</size>
               <logical_group_ref idref="lg-1f"/>
            </allocated_space>
         </usage_details>
      </memory_area>
      <memory_area display="no" color="green">
         <name>INT10</name>
         <page_id>0x0</page_id>
         <origin>0xfff4</origin>
         <length>0x2</length>
         <used_space>0x2</used_space>
         <unused_space>0x0</unused_space>
         <attributes>RWIX</attributes>
         <usage_details>
            <allocated_space>
               <start_address>0xfff4</start_address>
               <size>0x2</size>
               <logical_group_ref idref="lg-21"/>
            </allocated_space>
         </usage_details>
      </memory_area>
      <memory_area display="no" color="green">
         <name>INT11</name>
         <page_id>0x0</page_id>
         <origin>0xfff6</origin>
         <length>0x2</length>
         <used_space>0x0</used_space>
         <unused_space>0x2</unused_space>
         <attributes>RWIX</attributes>
         <usage_details>
         </usage_details>
      </memory_area>
      <memory_area display="no" color="green">
         <name>INT12</name>
         <page_id>0x0</page_id>
         <origin>0xfff8</origin>
         <length>0x2</length>
         <used_space>0x0</used_space>
         <unused_space>0x2</unused_space>
         <attributes>RWIX</attributes>
         <usage_details>
         </usage_details>
      </memory_area>
      <memory_area display="no" color="green">
         <name>INT13</name>
         <page_id>0x0</page_id>
         <origin>0xfffa</origin>
         <length>0x2</length>
         <used_space>0x0</used_space>
         <unused_space>0x2</unused_space>
         <attributes>RWIX</attributes>
         <usage_details>
         </usage_details>
      </memory_area>
      <memory_area display="no" color="green">
         <name>INT14</name>
         <page_id>0x0</page_id>
         <origin>0xfffc</origin>
         <length>0x2</length>
         <used_space>0x2</used_space>
         <unused_space>0x0</unused_space>
         <attributes>RWIX</attributes>
         <usage_details>
            <allocated_space>
               <start_address>0xfffc</start_address>
               <size>0x2</size>
               <logical_group_ref idref="lg-26"/>
            </allocated_space>
         </usage_details>
      </memory_area>
      <memory_area display="no" color="green">
         <name>RESET</name>
         <page_id>0x0</page_id>
         <origin>0xfffe</origin>
         <length>0x2</length>
         <used_space>0x2</used_space>
         <unused_space>0x0</unused_space>
         <attributes>RWIX</attributes>
         <usage_details>
            <allocated_space>
               <start_address>0xfffe</start_address>
               <size>0x2</size>
               <logical_group_ref idref="lg-28"/>
            </allocated_space>
         </usage_details>
      </memory_area>
   </placement_map>
   <cptbl_list>
      <cptbl>
         <name>__TI_cinit_table</name>
         <cprec>
            <name>.data</name>
            <load_address>0xf254</load_address>
            <load_size>0xb</load_size>
            <run_address>0x200</run_address>
            <run_size>0x8</run_size>
            <compression>rle</compression>
         </cprec>
      </cptbl>
   </cptbl_list>
   <handler_table>
      <handler_table_name>__TI_handler_table</handler_table_name>
      <handler>
         <index>0x0</index>
         <name>__TI_decompress_rle24</name>
      </handler>
      <handler>
         <index>0x1</index>
         <name>__TI_decompress_none</name>
      </handler>
   </handler_table>
   <symbol_table>
      <symbol id="sm-1">
         <name>IE1</name>
         <value>0x0</value>
      </symbol>
      <symbol id="sm-2">
         <name>IFG1</name>
         <value>0x2</value>
      </symbol>
      <symbol id="sm-3">
         <name>DCOCTL</name>
         <value>0x56</value>
      </symbol>
      <symbol id="sm-4">
         <name>BCSCTL1</name>
         <value>0x57</value>
      </symbol>
      <symbol id="sm-5">
         <name>BCSCTL2</name>
         <value>0x58</value>
      </symbol>
      <symbol id="sm-6">
         <name>BCSCTL3</name>
         <value>0x53</value>
      </symbol>
      <symbol id="sm-7">
         <name>FCTL1</name>
         <value>0x128</value>
      </symbol>
      <symbol id="sm-8">
         <name>FCTL2</name>
         <value>0x12a</value>
      </symbol>
      <symbol id="sm-9">
         <name>FCTL3</name>
         <value>0x12c</value>
      </symbol>
      <symbol id="sm-a">
         <name>P1IN</name>
         <value>0x20</value>
      </symbol>
      <symbol id="sm-b">
         <name>P1OUT</name>
         <value>0x21</value>
      </symbol>
      <symbol id="sm-c">
         <name>P1DIR</name>
         <value>0x22</value>
      </symbol>
      <symbol id="sm-d">
         <name>P1IFG</name>
         <value>0x23</value>
      </symbol>
      <symbol id="sm-e">
         <name>P1IES</name>
         <value>0x24</value>
      </symbol>
      <symbol id="sm-f">
         <name>P1IE</name>
         <value>0x25</value>
      </symbol>
      <symbol id="sm-10">
         <name>P1SEL</name>
         <value>0x26</value>
      </symbol>
      <symbol id="sm-11">
         <name>P1SEL2</name>
         <value>0x41</value>
      </symbol>
      <symbol id="sm-12">
         <name>P1REN</name>
         <value>0x27</value>
      </symbol>
      <symbol id="sm-13">
         <name>P2IN</name>
         <value>0x28</value>
      </symbol>
      <symbol id="sm-14">
         <name>P2OUT</name>
         <value>0x29</value>
      </symbol>
      <symbol id="sm-15">
         <name>P2DIR</name>
         <value>0x2a</value>
      </symbol>
      <symbol id="sm-16">
         <name>P2IFG</name>
         <value>0x2b</value>
      </symbol>
      <symbol id="sm-17">
         <name>P2IES</name>
         <value>0x2c</value>
      </symbol>
      <symbol id="sm-18">
         <name>P2IE</name>
         <value>0x2d</value>
      </symbol>
      <symbol id="sm-19">
         <name>P2SEL</name>
         <value>0x2e</value>
      </symbol>
      <symbol id="sm-1a">
         <name>P2SEL2</name>
         <value>0x42</value>
      </symbol>
      <symbol id="sm-1b">
         <name>P2REN</name>
         <value>0x2f</value>
      </symbol>
      <symbol id="sm-1c">
         <name>TA0IV</name>
         <value>0x12e</value>
      </symbol>
      <symbol id="sm-1d">
         <name>TA0CTL</name>
         <value>0x160</value>
      </symbol>
      <symbol id="sm-1e">
         <name>TA0CCTL0</name>
         <value>0x162</value>
      </symbol>
      <symbol id="sm-1f">
         <name>TA0CCTL1</name>
         <value>0x164</value>
      </symbol>
      <symbol id="sm-20">
         <name>TA0CCTL2</name>
         <value>0x166</value>
      </symbol>
      <symbol id="sm-21">
         <name>TA0R</name>
         <value>0x170</value>
      </symbol>
      <symbol id="sm-22">
         <name>TA0CCR0</name>
         <value>0x172</value>
      </symbol>
      <symbol id="sm-23">
         <name>TA0CCR1</name>
         <value>0x174</value>
      </symbol>
      <symbol id="sm-24">
         <name>TA0CCR2</name>
         <value>0x176</value>
      </symbol>
      <symbol id="sm-25">
         <name>USICTL0</name>
         <value>0x78</value>
      </symbol>
      <symbol id="sm-26">
         <name>USICTL1</name>
         <value>0x79</value>
      </symbol>
      <symbol id="sm-27">
         <name>USICKCTL</name>
         <value>0x7a</value>
      </symbol>
      <symbol id="sm-28">
         <name>USICNT</name>
         <value>0x7b</value>
      </symbol>
      <symbol id="sm-29">
         <name>USISRL</name>
         <value>0x7c</value>
      </symbol>
      <symbol id="sm-2a">
         <name>USISRH</name>
         <value>0x7d</value>
      </symbol>
      <symbol id="sm-2b">
         <name>USICTL</name>
         <value>0x78</value>
      </symbol>
      <symbol id="sm-2c">
         <name>USICCTL</name>
         <value>0x7a</value>
      </symbol>
      <symbol id="sm-2d">
         <name>USISR</name>
         <value>0x7c</value>
      </symbol>
      <symbol id="sm-2e">
         <name>WDTCTL</name>
         <value>0x120</value>
      </symbol>
      <symbol id="sm-2f">
         <name>CALDCO_16MHZ</name>
         <value>0x10f8</value>
      </symbol>
      <symbol id="sm-30">
         <name>CALBC1_16MHZ</name>
         <value>0x10f9</value>
      </symbol>
      <symbol id="sm-31">
         <name>CALDCO_12MHZ</name>
         <value>0x10fa</value>
      </symbol>
      <symbol id="sm-32">
         <name>CALBC1_12MHZ</name>
         <value>0x10fb</value>
      </symbol>
      <symbol id="sm-33">
         <name>CALDCO_8MHZ</name>
         <value>0x10fc</value>
      </symbol>
      <symbol id="sm-34">
         <name>CALBC1_8MHZ</name>
         <value>0x10fd</value>
      </symbol>
      <symbol id="sm-35">
         <name>CALDCO_1MHZ</name>
         <value>0x10fe</value>
      </symbol>
      <symbol id="sm-36">
         <name>CALBC1_1MHZ</name>
         <value>0x10ff</value>
      </symbol>
      <symbol id="sm-37">
         <name>__TI_CINIT_Base</name>
         <value>0xf264</value>
      </symbol>
      <symbol id="sm-38">
         <name>__TI_CINIT_Limit</name>
         <value>0xf268</value>
      </symbol>
      <symbol id="sm-39">
         <name>__TI_Handler_Table_Base</name>
         <value>0xf260</value>
      </symbol>
      <symbol id="sm-3a">
         <name>__TI_Handler_Table_Limit</name>
         <value>0xf264</value>
      </symbol>
      <symbol id="sm-3b">
         <name>binit</name>
         <value>0xffffffff</value>
      </symbol>
      <symbol id="sm-3c">
         <name>__binit__</name>
         <value>0xffffffff</value>
      </symbol>
      <symbol id="sm-3d">
         <name>__STACK_SIZE</name>
         <value>0x50</value>
      </symbol>
      <symbol id="sm-3e">
         <name>__STACK_END</name>
         <value>0x300</value>
      </symbol>
      <symbol id="sm-3f">
         <name>__c_args__</name>
         <value>0xffffffff</value>
      </symbol>
      <symbol id="sm-a2">
         <name>PiezoInput</name>
         <value>0xf174</value>
         <object_component_ref idref="oc-9c"/>
      </symbol>
      <symbol id="sm-a3">
         <name>__TI_int02</name>
         <value>0xffe4</value>
         <object_component_ref idref="oc-29"/>
      </symbol>
      <symbol id="sm-a4">
         <name>Beep</name>
         <value>0xf11e</value>
         <object_component_ref idref="oc-a1"/>
      </symbol>
      <symbol id="sm-a5">
         <name>__TI_int10</name>
         <value>0xfff4</value>
         <object_component_ref idref="oc-2e"/>
      </symbol>
      <symbol id="sm-a6">
         <name>Port_1</name>
         <value>0xf1a2</value>
         <object_component_ref idref="oc-47"/>
      </symbol>
      <symbol id="sm-a7">
         <name>WatchdogIntervalCnt</name>
         <value>0x204</value>
         <object_component_ref idref="oc-90"/>
      </symbol>
      <symbol id="sm-a8">
         <name>watchdog_timer</name>
         <value>0xf1f6</value>
         <object_component_ref idref="oc-50"/>
      </symbol>
      <symbol id="sm-a9">
         <name>main</name>
         <value>0xf000</value>
         <object_component_ref idref="oc-5f"/>
      </symbol>
      <symbol id="sm-aa">
         <name>DiscStatus</name>
         <value>0x200</value>
         <object_component_ref idref="oc-90"/>
      </symbol>
      <symbol id="sm-ab">
         <name>Test</name>
         <value>0x202</value>
         <object_component_ref idref="oc-90"/>
      </symbol>
      <symbol id="sm-ac">
         <name>Sound</name>
         <value>0x206</value>
         <object_component_ref idref="oc-90"/>
      </symbol>
      <symbol id="sm-ad">
         <name>PiezoOutput</name>
         <value>0xf1c2</value>
         <object_component_ref idref="oc-c6"/>
      </symbol>
      <symbol id="sm-bb">
         <name>_c_int00_noexit</name>
         <value>0xf1dc</value>
         <object_component_ref idref="oc-30"/>
      </symbol>
      <symbol id="sm-bc">
         <name>_c_int00</name>
         <value>0xf1dc</value>
         <object_component_ref idref="oc-30"/>
      </symbol>
      <symbol id="sm-bd">
         <name>_stack</name>
         <value>0x2b0</value>
         <object_component_ref idref="oc-44"/>
      </symbol>
      <symbol id="sm-be">
         <name>_reset_vector</name>
         <value>0xfffe</value>
         <object_component_ref idref="oc-46"/>
      </symbol>
      <symbol id="sm-d3">
         <name>__TI_decompress_none</name>
         <value>0xf20c</value>
         <object_component_ref idref="oc-35"/>
      </symbol>
      <symbol id="sm-f3">
         <name>__TI_decompress_rle24</name>
         <value>0xf246</value>
         <object_component_ref idref="oc-3f"/>
      </symbol>
      <symbol id="sm-101">
         <name>__mspabi_func_epilog_2</name>
         <value>0xf23a</value>
         <object_component_ref idref="oc-96"/>
      </symbol>
      <symbol id="sm-102">
         <name>__mspabi_func_epilog_3</name>
         <value>0xf238</value>
         <object_component_ref idref="oc-96"/>
      </symbol>
      <symbol id="sm-103">
         <name>__mspabi_func_epilog_1</name>
         <value>0xf23c</value>
         <object_component_ref idref="oc-96"/>
      </symbol>
      <symbol id="sm-104">
         <name>__mspabi_func_epilog_6</name>
         <value>0xf232</value>
         <object_component_ref idref="oc-96"/>
      </symbol>
      <symbol id="sm-105">
         <name>__mspabi_func_epilog_7</name>
         <value>0xf230</value>
         <object_component_ref idref="oc-96"/>
      </symbol>
      <symbol id="sm-106">
         <name>__mspabi_func_epilog_4</name>
         <value>0xf236</value>
         <object_component_ref idref="oc-96"/>
      </symbol>
      <symbol id="sm-107">
         <name>__mspabi_func_epilog_5</name>
         <value>0xf234</value>
         <object_component_ref idref="oc-96"/>
      </symbol>
      <symbol id="sm-110">
         <name>C$$EXIT</name>
         <value>0xf250</value>
         <object_component_ref idref="oc-64"/>
      </symbol>
      <symbol id="sm-111">
         <name>abort</name>
         <value>0xf250</value>
         <object_component_ref idref="oc-64"/>
      </symbol>
      <symbol id="sm-114">
         <name>__TI_int03</name>
         <value>0xffe6</value>
         <object_component_ref idref="oc-2a"/>
      </symbol>
      <symbol id="sm-117">
         <name>__TI_int04</name>
         <value>0xffe8</value>
         <object_component_ref idref="oc-2b"/>
      </symbol>
      <symbol id="sm-11a">
         <name>__TI_int08</name>
         <value>0xfff0</value>
         <object_component_ref idref="oc-2c"/>
      </symbol>
      <symbol id="sm-11d">
         <name>__TI_int09</name>
         <value>0xfff2</value>
         <object_component_ref idref="oc-2d"/>
      </symbol>
      <symbol id="sm-120">
         <name>__TI_int14</name>
         <value>0xfffc</value>
         <object_component_ref idref="oc-2f"/>
      </symbol>
      <symbol id="sm-127">
         <name>__TI_ISR_TRAP</name>
         <value>0xf240</value>
         <object_component_ref idref="oc-4c"/>
      </symbol>
      <symbol id="sm-134">
         <name>memcpy</name>
         <value>0xf21e</value>
         <object_component_ref idref="oc-6a"/>
      </symbol>
      <symbol id="sm-13c">
         <name>_system_pre_init</name>
         <value>0xf24c</value>
         <object_component_ref idref="oc-55"/>
      </symbol>
      <symbol id="sm-153">
         <name>_auto_init</name>
         <value>0xf0c0</value>
         <object_component_ref idref="oc-5a"/>
      </symbol>
      <symbol id="sm-154">
         <name>__TI_exit</name>
         <value>0x1</value>
      </symbol>
      <symbol id="sm-155">
         <name>__TI_args_main</name>
         <value>0x1</value>
      </symbol>
      <symbol id="sm-156">
         <name>__TI_INITARRAY_Base</name>
         <value>0x0</value>
      </symbol>
      <symbol id="sm-157">
         <name>__TI_INITARRAY_Limit</name>
         <value>0x0</value>
      </symbol>
   </symbol_table>
   <title>Link successful</title>
</link_info>
